{
    "single_end_software_versions": {
        "content": [
            "{BISMARK_ALIGN={bismark=0.24.0}, BISMARK_GENOMEPREPARATION={bismark=0.24.0}, FASTQC={fastqc=0.12.1}, QUALIMAP_BAMQC={qualimap=2.2.2-dev}, TRIMGALORE={trimgalore=0.6.7, cutadapt=3.4}, Workflow={nf-core/methylseq=v2.7.0dev}}"
        ],
        "meta": {
            "nf-test": "0.8.4",
            "nextflow": "24.04.2"
        },
        "timestamp": "2024-06-28T15:35:18.303882773"
    },
    "single_end_rrbs_software_versions": {
        "content": [
            "{BISMARK_ALIGN={bismark=0.24.0}, BISMARK_GENOMEPREPARATION={bismark=0.24.0}, FASTQC={fastqc=0.12.1}, QUALIMAP_BAMQC={qualimap=2.2.2-dev}, Workflow={nf-core/methylseq=v2.7.0dev}}"
        ],
        "meta": {
            "nf-test": "0.8.4",
            "nextflow": "23.10.1"
        },
        "timestamp": "2024-02-26T22:46:04.380044911"
    },
    "single_end": {
        "content": [
            "Ecoli_1_val_1_bismark_hisat2_pe.deduplicated.bam:md5,ddfc84eb92f641020362f69e9e28a52d",
            "SRR389222_sub1_trimmed_bismark_hisat2.deduplicated.bam:md5,0735542dc09bf837836158a1eae69828",
            "SRR389222_sub2_trimmed_bismark_hisat2.deduplicated.bam:md5,d777052608cf019a801e5748e5a71dcd",
            "SRR389222_sub3_trimmed_bismark_hisat2.deduplicated.bam:md5,27601bff15578ae06ef871d6821ce030",
            "Ecoli_1_val_1_bismark_hisat2_pe.deduplicated.bedGraph.gz:md5,357196071c54757566cdd0bb7ab79fa8",
            "SRR389222_sub1_trimmed_bismark_hisat2.deduplicated.bedGraph.gz:md5,47f60a641b8564c14a0f08599215944b",
            "SRR389222_sub2_trimmed_bismark_hisat2.deduplicated.bedGraph.gz:md5,2b5a22fd9d8bf25b993a8c0ad7beb13d",
            "SRR389222_sub3_trimmed_bismark_hisat2.deduplicated.bedGraph.gz:md5,d42e09af121ae14f6e0de5779e317b0b",
            "Ecoli_1_val_1_bismark_hisat2_pe.deduplicated.M-bias.txt:md5,5fd8655f4b9dba2249a52b769fe50faf",
            "SRR389222_sub1_trimmed_bismark_hisat2.deduplicated.M-bias.txt:md5,de08bb32cf22e361f9ca05058b4a5088",
            "SRR389222_sub2_trimmed_bismark_hisat2.deduplicated.M-bias.txt:md5,73808d508bff5a44a5ec956df0fc3f69",
            "SRR389222_sub3_trimmed_bismark_hisat2.deduplicated.M-bias.txt:md5,fee56ba84eecef9cf4ad8e01cdf1da87",
            [
                "CHG_OB_Ecoli_1_val_1_bismark_hisat2_pe.deduplicated.txt.gz:md5,6d2ca2e6548640e3885c94a3ca6beae0",
                "CHG_OB_SRR389222_sub1_trimmed_bismark_hisat2.deduplicated.txt.gz:md5,a10f4263bf7b9b1985b16ff3c1041240",
                "CHG_OB_SRR389222_sub2_trimmed_bismark_hisat2.deduplicated.txt.gz:md5,1b036ec35b09e0d3b748040381cb1fd5",
                "CHG_OB_SRR389222_sub3_trimmed_bismark_hisat2.deduplicated.txt.gz:md5,929b960ad908ec05687540b684106de0",
                "CHG_OT_Ecoli_1_val_1_bismark_hisat2_pe.deduplicated.txt.gz:md5,5e5aefaa3f63e73f30342ad843eb210b",
                "CHG_OT_SRR389222_sub1_trimmed_bismark_hisat2.deduplicated.txt.gz:md5,632b163026c8134e5e5cba1f32aef712",
                "CHG_OT_SRR389222_sub2_trimmed_bismark_hisat2.deduplicated.txt.gz:md5,75214e5d9bc9b9116fa5573937c29d37",
                "CHG_OT_SRR389222_sub3_trimmed_bismark_hisat2.deduplicated.txt.gz:md5,5a78c25cb94dc40876a5fee5c76e38a6",
                "CHH_OB_Ecoli_1_val_1_bismark_hisat2_pe.deduplicated.txt.gz:md5,abd48ddf1c9e844d8164de5150850d10",
                "CHH_OB_SRR389222_sub1_trimmed_bismark_hisat2.deduplicated.txt.gz:md5,172b329b6aabf8d07c8255a152d4105a",
                "CHH_OB_SRR389222_sub2_trimmed_bismark_hisat2.deduplicated.txt.gz:md5,82e84337d3a4c5ca20260e7455c53022",
                "CHH_OB_SRR389222_sub3_trimmed_bismark_hisat2.deduplicated.txt.gz:md5,d06408d5bb2071ae66a4d4260a73c491",
                "CHH_OT_Ecoli_1_val_1_bismark_hisat2_pe.deduplicated.txt.gz:md5,978ad87fef01e39283a620253320ee45",
                "CHH_OT_SRR389222_sub1_trimmed_bismark_hisat2.deduplicated.txt.gz:md5,b19d5d318db483a8efce4af2fc5adadf",
                "CHH_OT_SRR389222_sub2_trimmed_bismark_hisat2.deduplicated.txt.gz:md5,0a0c7eb15fac8f39933c05a66a1eb062",
                "CHH_OT_SRR389222_sub3_trimmed_bismark_hisat2.deduplicated.txt.gz:md5,870d67a239d68537da5f98c38cde2adf",
                "CpG_OB_Ecoli_1_val_1_bismark_hisat2_pe.deduplicated.txt.gz:md5,51f8b079b9fd91e23e495d9e0e289530",
                "CpG_OB_SRR389222_sub1_trimmed_bismark_hisat2.deduplicated.txt.gz:md5,d581258ecd66c080c70caeea30e31ca2",
                "CpG_OB_SRR389222_sub2_trimmed_bismark_hisat2.deduplicated.txt.gz:md5,dee4913db39eef1e706167d6c0f0c389",
                "CpG_OB_SRR389222_sub3_trimmed_bismark_hisat2.deduplicated.txt.gz:md5,74a9c8092dbd8c2f27d54bb627993f90",
                "CpG_OT_Ecoli_1_val_1_bismark_hisat2_pe.deduplicated.txt.gz:md5,9712eef973883f44dcc0a307af28ba70",
                "CpG_OT_SRR389222_sub1_trimmed_bismark_hisat2.deduplicated.txt.gz:md5,f754de10c01ca07836f3058b637d3f1d",
                "CpG_OT_SRR389222_sub2_trimmed_bismark_hisat2.deduplicated.txt.gz:md5,e3a4e5f59a783786df6effe5174692e7",
                "CpG_OT_SRR389222_sub3_trimmed_bismark_hisat2.deduplicated.txt.gz:md5,23ac4420915aa61bd743210d9cc31ef0"
            ],
            "Ecoli_1_val_1_bismark_hisat2_pe.deduplicated.bismark.cov.gz:md5,d8342eca72089408d8e4d7c5ec5e95bf",
            "SRR389222_sub1_trimmed_bismark_hisat2.deduplicated.bismark.cov.gz:md5,8f77dc7c0dea9e0c413e6a8c4fe3c9af",
            "SRR389222_sub2_trimmed_bismark_hisat2.deduplicated.bismark.cov.gz:md5,0da5af753da0274f3e6b66b04a11e73a",
            "SRR389222_sub3_trimmed_bismark_hisat2.deduplicated.bismark.cov.gz:md5,43f8554a2d19d172c16636374bb83084",
            "Ecoli_1_val_1_bismark_hisat2_pe.deduplicated_splitting_report.txt:md5,bc2284d712455231a2dd772098ca8dd9",
            "SRR389222_sub1_trimmed_bismark_hisat2.deduplicated_splitting_report.txt:md5,4020063dd8610b58b7b39c3ca62cef17",
            "SRR389222_sub2_trimmed_bismark_hisat2.deduplicated_splitting_report.txt:md5,99b3eea4648b3156ca4b34972fe134e2",
            "SRR389222_sub3_trimmed_bismark_hisat2.deduplicated_splitting_report.txt:md5,b2db30ce6a406ccb8cb05bfe7afd2d92",
            "genome_results.txt:md5,3703ab8cc04a6f3307ea1ffcfe23479a",
            "genome_results.txt:md5,9956ed1dcf51e6975f4a6ab8fe156aba",
            "genome_results.txt:md5,b96969ec83d32328c1948c9a11a70ad8",
            "genome_results.txt:md5,0950f0f4bb7fe3b64b120da8d43c227b"
        ],
        "meta": {
            "nf-test": "0.8.4",
            "nextflow": "23.10.1"
        },
        "timestamp": "2024-02-21T22:13:40.502832937"
    },
    "single_end_rrbs": {
        "content": [
            "Ecoli_10K_methylated_R1_bismark_hisat2_pe.bam:md5,53c34edee0bc7f34c9f4e9a3685dd706",
            "SRR389222_sub1_bismark_hisat2.bam:md5,0964e2b21013062957755b9bcb71f804",
            "SRR389222_sub2_bismark_hisat2.bam:md5,9a6b9476a76e37a73deb3f356fa97bc0",
            "SRR389222_sub3_bismark_hisat2.bam:md5,01eacf366af88ad627c5c2262c2e4c3f",
            "Ecoli_10K_methylated_R1_bismark_hisat2_pe.bedGraph.gz:md5,357196071c54757566cdd0bb7ab79fa8",
            "SRR389222_sub1_bismark_hisat2.bedGraph.gz:md5,75be0d8be0134a48fd55e15a49568d3f",
            "SRR389222_sub2_bismark_hisat2.bedGraph.gz:md5,16e440f735d6506e4076b295bf3c953c",
            "SRR389222_sub3_bismark_hisat2.bedGraph.gz:md5,fba953da8e5268150b3fe78ca6b8c31c",
            "Ecoli_10K_methylated_R1_bismark_hisat2_pe.M-bias.txt:md5,5fd8655f4b9dba2249a52b769fe50faf",
            "SRR389222_sub1_bismark_hisat2.M-bias.txt:md5,bbfe49763c571a55a50d1e46c0fb4e46",
            "SRR389222_sub2_bismark_hisat2.M-bias.txt:md5,dfce7ce78360347d3f12734f99ba0047",
            "SRR389222_sub3_bismark_hisat2.M-bias.txt:md5,6c4dcfe0bceb316c2f90ec0f39f0437f",
            [
                "CHG_OB_Ecoli_10K_methylated_R1_bismark_hisat2_pe.txt.gz:md5,6d2ca2e6548640e3885c94a3ca6beae0",
                "CHG_OB_SRR389222_sub1_bismark_hisat2.txt.gz:md5,c8ccffe89627f497f9b542400c9db8c2",
                "CHG_OB_SRR389222_sub2_bismark_hisat2.txt.gz:md5,d845eb88cc123a6049020ab7c1f0be28",
                "CHG_OB_SRR389222_sub3_bismark_hisat2.txt.gz:md5,06e38fdf5846663bc46b2c47d057a117",
                "CHG_OT_Ecoli_10K_methylated_R1_bismark_hisat2_pe.txt.gz:md5,5e5aefaa3f63e73f30342ad843eb210b",
                "CHG_OT_SRR389222_sub1_bismark_hisat2.txt.gz:md5,3d00f805423c9e0710648c059157c832",
                "CHG_OT_SRR389222_sub2_bismark_hisat2.txt.gz:md5,f2e8c0b1e1b51f410a174189b53526a5",
                "CHG_OT_SRR389222_sub3_bismark_hisat2.txt.gz:md5,71a81bc27e3df0597553488119f50622",
                "CHH_OB_Ecoli_10K_methylated_R1_bismark_hisat2_pe.txt.gz:md5,abd48ddf1c9e844d8164de5150850d10",
                "CHH_OB_SRR389222_sub1_bismark_hisat2.txt.gz:md5,ddedeb6dcd4cc268d3db74e040fe21c3",
                "CHH_OB_SRR389222_sub2_bismark_hisat2.txt.gz:md5,d5ef03e73bd476a45d0c8ed2b50285bc",
                "CHH_OB_SRR389222_sub3_bismark_hisat2.txt.gz:md5,9909b6c627e4b520d623ece853806233",
                "CHH_OT_Ecoli_10K_methylated_R1_bismark_hisat2_pe.txt.gz:md5,978ad87fef01e39283a620253320ee45",
                "CHH_OT_SRR389222_sub1_bismark_hisat2.txt.gz:md5,85131a52ee28f5a87ddbd0a6a2ab1618",
                "CHH_OT_SRR389222_sub2_bismark_hisat2.txt.gz:md5,0d7fec9b1c6e3cba2a22cb607d59da98",
                "CHH_OT_SRR389222_sub3_bismark_hisat2.txt.gz:md5,2c7cf34d4a6255818062d472e0effa13",
                "CpG_OB_Ecoli_10K_methylated_R1_bismark_hisat2_pe.txt.gz:md5,51f8b079b9fd91e23e495d9e0e289530",
                "CpG_OB_SRR389222_sub1_bismark_hisat2.txt.gz:md5,2c91088668e203cf09eb2f6708dedb4e",
                "CpG_OB_SRR389222_sub2_bismark_hisat2.txt.gz:md5,887ce918c095bf35c31e1668dd54472d",
                "CpG_OB_SRR389222_sub3_bismark_hisat2.txt.gz:md5,0892e2fc97607fd2456343ff6b11fa4b",
                "CpG_OT_Ecoli_10K_methylated_R1_bismark_hisat2_pe.txt.gz:md5,9712eef973883f44dcc0a307af28ba70",
                "CpG_OT_SRR389222_sub1_bismark_hisat2.txt.gz:md5,481c325285ccbfddd43cd04615c7e4bb",
                "CpG_OT_SRR389222_sub2_bismark_hisat2.txt.gz:md5,77b0cacbc8a8f0997aae5314931e4907",
                "CpG_OT_SRR389222_sub3_bismark_hisat2.txt.gz:md5,7323bac81ce1f763cfa00ebb70869794"
            ],
            "Ecoli_10K_methylated_R1_bismark_hisat2_pe.bismark.cov.gz:md5,d8342eca72089408d8e4d7c5ec5e95bf",
            "SRR389222_sub1_bismark_hisat2.bismark.cov.gz:md5,ab610e006112a52e5ecb230a1704f236",
            "SRR389222_sub2_bismark_hisat2.bismark.cov.gz:md5,f8ac4bc2e000069f0daa22446a5bd899",
            "SRR389222_sub3_bismark_hisat2.bismark.cov.gz:md5,05b5ca7f758f6be7346509cd5615ca05",
            "Ecoli_10K_methylated_R1_bismark_hisat2_pe_splitting_report.txt:md5,76868c2015864a3f7c2b4cd1738e4765",
            "SRR389222_sub1_bismark_hisat2_splitting_report.txt:md5,754ed7bf4d75acee466c48c05a11d331",
            "SRR389222_sub2_bismark_hisat2_splitting_report.txt:md5,45dc01d29a16eb04d4421133c74c0d77",
            "SRR389222_sub3_bismark_hisat2_splitting_report.txt:md5,28ac733f2f58289368b0bcad9ef163ea",
            "genome_results.txt:md5,58bf4e22f697120806f09b48d9ffdc9e",
            "genome_results.txt:md5,58a2aeeb5eacca4c766bb23fee8f9013",
            "genome_results.txt:md5,a69850fa38b907dd9d416d097d043b05",
            "genome_results.txt:md5,99be975e957ea5ca013b3d4e97f35835"
        ],
        "meta": {
            "nf-test": "0.8.4",
            "nextflow": "23.10.1"
        },
        "timestamp": "2024-02-21T22:16:44.459903681"
    }
}